data/Overview1.csv
Year,Year-Month,Area (SQM),Total Resale Price,Average Resale Price,Median Resale Price,Flat_Type,Sales,Unit Area (PSF)
2012,2012-01,31,490000,245000,245000,1 ROOM,2,734.2344138
2012,2012-06,31,260000,260000,260000,1 ROOM,1,779.1875412
2012,2012-07,31,923000,230750,230000,1 ROOM,4,691.5289428
2012,2012-08,31,706500,235500,236000,1 ROOM,3,705.7640998
2012,2012-09,31,926500,231625,235500,1 ROOM,4,694.1512085
2012,2012-11,31,487000,243500,243500,1 ROOM,2,729.739101
2013,2013-01,31,240000,240000,240000,1 ROOM,1,719.250038
2013,2013-05,31,238000,238000,238000,1 ROOM,1,713.2562877
2013,2013-06,31,245000,245000,245000,1 ROOM,1,734.2344138
2013,2013-08,31,257000,257000,257000,1 ROOM,1,770.1969157
2013,2013-09,31,230000,230000,230000,1 ROOM,1,689.2812864
2013,2013-10,31,230500,230500,230500,1 ROOM,1,690.779724
2014,2014-01,31,478500,239250,239250,1 ROOM,2,717.0023816
2014,2014-02,31,473000,236500,236500,1 ROOM,2,708.7609749
2014,2014-05,31,235000,235000,235000,1 ROOM,1,704.2656622
2014,2014-06,31,234000,234000,234000,1 ROOM,1,701.268787
2014,2014-07,31,653000,217666.6667,215000,1 ROOM,3,652.3198261
2014,2014-09,31,210000,210000,210000,1 ROOM,1,629.3437832
2014,2014-10,31,848000,212000,209000,1 ROOM,4,635.3375336
2014,2014-11,31,430000,215000,215000,1 ROOM,2,644.328159
2014,2014-12,31,883000,220750,226500,1 ROOM,4,661.5601912
2015,2015-02,31,220000,220000,220000,1 ROOM,1,659.3125348
2015,2015-03,31,210000,210000,210000,1 ROOM,1,629.3437832
2015,2015-04,31,208000,208000,208000,1 ROOM,1,623.3500329
2015,2015-05,31,200000,200000,200000,1 ROOM,1,599.3750317
2015,2015-09,31,430000,215000,215000,1 ROOM,2,644.328159
2015,2015-10,31,410000,205000,205000,1 ROOM,2,614.3594074
2015,2015-11,31,195000,195000,195000,1 ROOM,1,584.3906559
2016,2016-02,31,200000,200000,200000,1 ROOM,1,599.3750317
2016,2016-05,31,650000,216666.6667,215000,1 ROOM,3,649.322951
2016,2016-10,31,213000,213000,213000,1 ROOM,1,638.3344087
2017,2017-03,31,418000,209000,209000,1 ROOM,2,626.3469081
2017,2017-05,31,217000,217000,217000,1 ROOM,1,650.3219093
2017,2017-07,31,378000,189000,189000,1 ROOM,2,566.4094049
2017,2017-08,31,190000,190000,190000,1 ROOM,1,569.4062801
2017,2017-09,31,395000,197500,197500,1 ROOM,2,591.8828438
2017,2017-11,31,210000,210000,210000,1 ROOM,1,629.3437832
2018,2018-02,31,232000,232000,232000,1 ROOM,1,695.2750367
2018,2018-06,31,541000,180333.3333,180000,1 ROOM,3,540.4364869
2018,2018-07,31,188000,188000,188000,1 ROOM,1,563.4125298
2018,2018-08,31,348000,174000,174000,1 ROOM,2,521.4562775
2018,2018-11,31,348000,174000,174000,1 ROOM,2,521.4562775
2019,2019-01,31,172000,172000,172000,1 ROOM,1,515.4625272
2019,2019-02,31,365000,182500,182500,1 ROOM,2,546.9297164
2019,2019-03,31,509000,169666.6667,172000,1 ROOM,3,508.4698185
2019,2019-04,31,173268,173268,173268,1 ROOM,1,519.2625649
2019,2019-05,31,550000,183333.3333,183000,1 ROOM,3,549.4271123
2019,2019-09,31,165000,165000,165000,1 ROOM,1,494.4844011
2012,2012-01,46.57142857,3828300,273450,260000,2 ROOM,14,545.4924114
2012,2012-02,44.30769231,3395800,261215.3846,258000,2 ROOM,13,547.709112
2012,2012-03,46.96,6674776,266991.04,265000,2 ROOM,25,528.2006659
2012,2012-04,45.82608696,6207388,269886.4348,268000,2 ROOM,23,547.1402028
2012,2012-05,44.2631579,5004888,263415.1579,265000,2 ROOM,19,552.8772414
2012,2012-06,46.23809524,5496300,261728.5714,265000,2 ROOM,21,525.8738135
2012,2012-07,45.68181818,5890888,267767.6364,267500,2 ROOM,22,544.5591374
2012,2012-08,44.52173913,6301100,273960.8696,273000,2 ROOM,23,571.6717889
2012,2012-09,44.68181818,5932500,269659.0909,264500,2 ROOM,22,560.6793674
2012,2012-10,46.66666667,4285500,285700,280000,2 ROOM,15,568.7662332
2012,2012-11,44.75,4430500,276906.25,276000,2 ROOM,16,574.8705545
2012,2012-12,46.0625,4450000,278125,274000,2 ROOM,16,560.948342
2013,2013-01,44.76,6899000,275960,278000,2 ROOM,25,572.7780994
2013,2013-02,44.53846154,3657888,281376,280000,2 ROOM,13,586.9244284
2013,2013-03,46.63636364,3069000,279000,280000,2 ROOM,11,555.7889
2013,2013-04,46.43478261,6539000,284304.3478,285000,2 ROOM,23,568.8142008
2013,2013-05,44.47368421,5151800,271147.3684,278500,2 ROOM,19,566.4122422
2013,2013-06,45.10526316,5203800,273884.2105,275000,2 ROOM,19,564.1182117
2013,2013-07,46.19047619,5735890,273137.619,270000,2 ROOM,21,549.3630245
2013,2013-08,46.9,2849000,284900,274000,2 ROOM,10,564.3518488
2013,2013-09,45,3988500,284892.8571,280000,2 ROOM,14,588.1652915
2013,2013-10,46.81818182,6085388,276608.5455,276500,2 ROOM,22,548.8850407
2013,2013-11,44.75,4321000,270062.5,271500,2 ROOM,16,560.6626038
2013,2013-12,46.4,4052688,270179.2,263000,2 ROOM,15,540.9589077
2014,2014-01,45.83333333,3284500,273708.3333,270250,2 ROOM,12,554.8006003
2014,2014-02,44.36363636,2870000,260909.0909,265000,2 ROOM,11,546.377014
2014,2014-03,45.04545455,5744000,261090.9091,263000,2 ROOM,22,538.4819154
2014,2014-04,45.05,5308000,265400,265000,2 ROOM,20,547.3138885
2014,2014-05,48.27777778,4906000,272555.5556,270500,2 ROOM,18,524.4910878
2014,2014-06,45.35714286,3568000,254857.1429,256500,2 ROOM,14,522.0131772
2014,2014-07,47.16666667,4796500,266472.2222,261500,2 ROOM,18,524.8643847
2014,2014-08,45.33333333,2350888,261209.7778,265000,2 ROOM,9,535.3060129
2014,2014-09,45.66666667,3176000,264666.6667,263000,2 ROOM,12,538.4312784
2014,2014-10,44.46153846,3319000,255307.6923,255000,2 ROOM,13,533.4697027
2014,2014-11,46.1,2693800,269380,268000,2 ROOM,10,542.868658
2014,2014-12,46.5,3158000,263166.6667,264000,2 ROOM,12,525.7850972
2015,2015-01,43.57142857,1804000,257714.2857,255000,2 ROOM,7,549.4991684
2015,2015-02,44.22222222,2265000,251666.6667,250000,2 ROOM,9,528.7075107
2015,2015-03,46.07142857,3530688,252192,247844,2 ROOM,14,508.5456836
2015,2015-04,44.40740741,6642188,246006.963,245000,2 ROOM,27,514.6622641
2015,2015-05,45.11111111,2296000,255111.1111,253000,2 ROOM,9,525.3832174
2015,2015-06,44.91666667,2998888,249907.3333,246444,2 ROOM,12,516.8943997
2015,2015-07,45.375,1964000,245500,246500,2 ROOM,8,502.6494411
2015,2015-08,44.63636364,2664000,242181.8182,238000,2 ROOM,11,504.0609737
2015,2015-09,44.66666667,1433000,238833.3333,236500,2 ROOM,6,496.7544222
2015,2015-10,44.86666667,3749500,249966.6667,246500,2 ROOM,15,517.5932921
2015,2015-11,46.875,3927500,245468.75,240000,2 ROOM,16,486.5027236
2015,2015-12,43.16666667,2936888,244740.6667,239500,2 ROOM,12,526.7298984
2016,2016-01,43.6,2303500,230350,228500,2 ROOM,10,490.8311003
2016,2016-02,43.875,1926888,240861,239000,2 ROOM,8,510.0111857
2016,2016-03,47.23529412,4348776,255810.3529,245000,2 ROOM,17,503.1318825
2016,2016-04,44.15789474,4644000,244421.0526,250000,2 ROOM,19,514.2337727
2016,2016-05,45.6,3628888,241925.8667,250000,2 ROOM,15,492.8875048
2016,2016-06,44.59090909,5368400,244018.1818,239500,2 ROOM,22,508.4007774
2016,2016-07,43.16666667,4488776,249376.4444,240000,2 ROOM,18,536.7070011
2016,2016-08,45.47368421,4670000,245789.4737,240000,2 ROOM,19,502.1500193
2016,2016-09,48.82352941,4407000,259235.2941,260000,2 ROOM,17,493.2820404
2016,2016-10,44.57142857,5246500,249833.3333,250000,2 ROOM,21,520.7438793
2016,2016-11,42.81818182,2576000,234181.8182,235000,2 ROOM,11,508.1071394
2016,2016-12,45.72,6064000,242560,245000,2 ROOM,25,492.882397
2017,2017-01,45.88888889,4365500,242527.7778,239000,2 ROOM,18,491.0031642
2017,2017-02,45.2,3540000,236000,238000,2 ROOM,15,485.0694393
2017,2017-03,47.3125,4058500,253656.25,255500,2 ROOM,16,498.0810472
2017,2017-04,44.73684211,4406000,231894.7368,235000,2 ROOM,19,481.5661063
2017,2017-05,45.11111111,4428388,246021.5556,249000,2 ROOM,18,506.6639232
2017,2017-06,45.16666667,5738800,239116.6667,242000,2 ROOM,24,491.8380829
2017,2017-07,46.66666667,5721800,238408.3333,240000,2 ROOM,24,474.6188649
2017,2017-08,47.09090909,5291888,240540.3636,237500,2 ROOM,22,474.5491876
2017,2017-09,45.57142857,3362000,240142.8571,237500,2 ROOM,14,489.5616344
2017,2017-10,44.33333333,2073000,230333.3333,225000,2 ROOM,9,482.6771637
2017,2017-11,45.08,5885198,235407.92,223998,2 ROOM,25,485.1404741
2017,2017-12,46.66666667,3766500,251100,250000,2 ROOM,15,499.8851983
2018,2018-01,44.86666667,3438000,229200,230000,2 ROOM,15,474.5928092
2018,2018-02,45.71428571,3171156,226511.1429,225434,2 ROOM,14,460.3286216
2018,2018-03,45.60869565,5542488,240977.7391,235000,2 ROOM,23,490.8622332
2018,2018-04,45.28571429,4672800,222514.2857,228000,2 ROOM,21,456.4855367
2018,2018-05,44.83333333,5858000,244083.3333,229000,2 ROOM,24,505.7867426
2018,2018-06,46.35483871,7434000,239806.4516,240000,2 ROOM,31,480.6136867
2018,2018-07,45.6,7467000,248900,238500,2 ROOM,30,507.0962507
2018,2018-08,45.38235294,7883000,231852.9412,230000,2 ROOM,34,474.6308315
2018,2018-09,46.82608696,5568888,242125.5652,230000,2 ROOM,23,480.3780179
2018,2018-10,46.36363636,5364000,243818.1818,235000,2 ROOM,22,488.5611655
2018,2018-11,45,6477000,223344.8276,218000,2 ROOM,29,461.0985229
2018,2018-12,45.3,4552000,227600,220000,2 ROOM,20,466.7715754
2019,2019-01,45.77777778,4191000,232833.3333,236000,2 ROOM,18,472.5206522
2019,2019-02,46.12,5828888,233155.52,225000,2 ROOM,25,469.6634337
2019,2019-03,46.4516129,7287888,235093.1613,225000,2 ROOM,31,470.1858372
2019,2019-04,46.30769231,6180800,237723.0769,232500,2 ROOM,26,476.9233101
2019,2019-05,46.21875,7658500,239328.125,229000,2 ROOM,32,481.0673566
2019,2019-06,46.43333333,6692000,223066.6667,225000,2 ROOM,30,446.3085035
2019,2019-07,46.10638298,10682776,227293.1064,227000,2 ROOM,47,457.9895369
2019,2019-08,45.97727273,10134000,230318.1818,225500,2 ROOM,44,465.388195
2019,2019-09,46.23809524,9613388,228890.1905,226500,2 ROOM,42,459.8938384
2019,2019-10,45.57142857,9297000,221357.1429,225500,2 ROOM,42,451.2645761
2019,2019-11,45.88372093,9468800,220204.6512,220000,2 ROOM,43,445.859684
2019,2019-12,46.17647059,7578088,222884.9412,225500,2 ROOM,34,448.4255375
2020,2020-01,45.52941177,7786300,229008.8235,225750,2 ROOM,34,467.2943413
2012,2012-01,68.44355556,154659169.9,343687.0442,334000,3 ROOM,450,466.5099855
2012,2012-02,67.54762931,157707194,339886.194,332000,3 ROOM,464,467.4700142
2012,2012-03,67.76465257,227400576,343505.4018,333000,3 ROOM,662,470.9347095
2012,2012-04,67.98890756,206671518,347347.0891,339000,3 ROOM,595,474.6308316
2012,2012-05,68.02291994,221655136,347967.2465,340000,3 ROOM,637,475.2404973
2012,2012-06,67.93850365,192001700,350368.0657,340000,3 ROOM,548,479.1140248
2012,2012-07,67.83760399,211782473,352383.4825,343000,3 ROOM,601,482.5867443
2012,2012-08,68.17277677,196256703,356182.7641,347500,3 ROOM,551,485.391606
2012,2012-09,68.08174442,177412108,359862.288,350000,3 ROOM,493,491.0616374
2012,2012-10,67.56833013,185379092,355813.9962,347000,3 ROOM,521,489.2267404
2012,2012-11,68.03312629,174457587,361195.8323,350000,3 ROOM,483,493.2335931
2012,2012-12,67.71934732,155172738,361708.014,353000,3 ROOM,429,496.2216551
2013,2013-01,67.88910675,166597238,362956.9455,354000,3 ROOM,459,496.6899385
2013,2013-02,67.22936803,97242764,361497.2639,352000,3 ROOM,269,499.5469727
2013,2013-03,67.45061728,146480833,361681.0691,353000,3 ROOM,405,498.1615396
2013,2013-04,69.02172043,173320756,372732.8086,355000,3 ROOM,465,501.6977891
2013,2013-05,67.75928144,183546384,366360.0479,355000,3 ROOM,501,502.307498
2013,2013-06,68.23450882,144784988,364697.7028,355888,3 ROOM,397,496.5457896
2013,2013-07,68.30212264,153154526,361213.5047,354000,3 ROOM,424,491.3151137
2013,2013-08,68.27402913,149594231.4,363092.7947,355000,3 ROOM,412,494.074504
2013,2013-09,67.92613333,134757216,359352.576,350000,3 ROOM,375,491.4894668
2013,2013-10,67.87268519,153692632,355769.9815,345000,3 ROOM,432,486.9727007
2013,2013-11,67.77717391,130941340,355818.8587,343000,3 ROOM,368,487.725937
2013,2013-12,67.57843137,107884904,352565.0458,341500,3 ROOM,306,484.6871343
2014,2014-01,68.25740741,132947316,351712.4762,341194,3 ROOM,378,478.7054051
2014,2014-02,67.91721854,103920380.8,344107.2212,335000,3 ROOM,302,470.7000457
2014,2014-03,68.53586498,165093168,348297.8228,338000,3 ROOM,474,472.1317501
2014,2014-04,68.15717017,182091508,348167.3193,340000,3 ROOM,523,474.5771225
2014,2014-05,68.3661435,153382401,343906.7287,332000,3 ROOM,446,467.3367526
2014,2014-06,68.65710594,134241330,346876.8217,330000,3 ROOM,387,469.3751941
2014,2014-07,68.33807339,148374348,340308.1376,325000,3 ROOM,436,462.6365589
2014,2014-08,68.13856041,131671665,338487.5707,325000,3 ROOM,389,461.5089395
2014,2014-09,68.5335512,154961632.9,337607.0433,322500,3 ROOM,459,457.6554177
2014,2014-10,68.27186813,151404968,332758.1714,320000,3 ROOM,455,452.8113332
2014,2014-11,68.24414634,135581373,330686.2756,320000,3 ROOM,410,450.1747281
2014,2014-12,68.53157895,124667004,328071.0632,315000,3 ROOM,380,444.7413742
2015,2015-01,68.26218487,117226761,328366.2773,313000,3 ROOM,357,446.898308
2015,2015-02,68.56265432,106645592,329153.0617,318000,3 ROOM,324,446.005919
2015,2015-03,68.75800971,133840316,324855.1359,310000,3 ROOM,412,438.9315372
2015,2015-04,68.32588496,147177780,325614.5575,310000,3 ROOM,452,442.7401351
2015,2015-05,68.6725,129446492,323616.23,310000,3 ROOM,400,437.8020409
2015,2015-06,68.59904398,169741892,324554.2868,310000,3 ROOM,523,439.5412432
2015,2015-07,68.30120192,134917856,324321.7692,310000,3 ROOM,416,441.1416873
2015,2015-08,68.54731707,133430720,325440.7805,310000,3 ROOM,410,441.0744052
2015,2015-09,68.22363184,128911535,320675.4602,310000,3 ROOM,402,436.6779242
2015,2015-10,67.90682731,160398296.9,322084.9335,308000,3 ROOM,498,440.6434464
2015,2015-11,68.80759494,128724764,325885.4785,310000,3 ROOM,395,440.0063826
2015,2015-12,67.9677665,127824044,324426.5076,308444,3 ROOM,394,443.4489985
2016,2016-01,69.07542373,114651604,323874.5876,310000,3 ROOM,354,435.5957772
2016,2016-02,68.27516129,98548008,317896.8,305000,3 ROOM,310,432.567381
2016,2016-03,68.11564626,142389111,322877.8027,309000,3 ROOM,441,440.373983
2016,2016-04,68.25285088,148106591,324795.1557,310000,3 ROOM,456,442.098552
2016,2016-05,68.84685315,140986220,328639.2075,310000,3 ROOM,429,443.4714092
2016,2016-06,68.55801217,159310785,323145.6085,310000,3 ROOM,493,437.8954042
2016,2016-07,68.82616822,139663216,326315.9252,309500,3 ROOM,428,440.4686702
2016,2016-08,68.0746988,159623061,320528.2349,310000,3 ROOM,498,437.4323615
2016,2016-09,67.97957747,134641304,316059.3991,300000,3 ROOM,426,431.9371862
2016,2016-10,68.41950673,142740236,320045.3722,305000,3 ROOM,446,434.572218
2016,2016-11,67.97772277,129810624.9,321313.4279,305000,3 ROOM,404,439.1294959
2016,2016-12,68.46175637,114151504,323375.3654,305000,3 ROOM,353,438.8228578
2017,2017-01,67.99698795,105736574,318483.6566,305000,3 ROOM,332,435.1388115
2017,2017-02,68.10305344,83401340,318325.7252,305000,3 ROOM,262,434.2456719
2017,2017-03,68.23638211,157458661.9,320037.9307,306000,3 ROOM,492,435.7283391
2017,2017-04,68.54859611,148078220,319823.3693,305000,3 ROOM,463,433.452962
2017,2017-05,68.83194444,161308044,320055.6429,305000,3 ROOM,504,431.9821444
2017,2017-06,68.62033493,135092456,323187.6938,308000,3 ROOM,418,437.5546743
2017,2017-07,67.90461894,136147455,314428.3025,300000,3 ROOM,433,430.182422
2017,2017-08,68.09543569,151248925,313794.4502,300000,3 ROOM,482,428.1121969
2017,2017-09,68.41866295,113606025,316451.3231,300000,3 ROOM,359,429.6973532
2017,2017-10,68.81326087,147979930,321695.5,300000,3 ROOM,460,434.3133642
2017,2017-11,68.40372671,150380427,311346.6398,298000,3 ROOM,483,422.8582083
2017,2017-12,68.50752089,113671332,316633.2368,292000,3 ROOM,359,429.386706
2018,2018-01,68.20306513,81486980,312210.6513,295000,3 ROOM,261,425.2792252
2018,2018-02,68.38545455,84560652,307493.28,289000,3 ROOM,275,417.7363202
2018,2018-03,68.88280098,124942824,306984.8256,295000,3 ROOM,407,414.0344283
2018,2018-04,68.38356164,134095868,306154.9498,293650,3 ROOM,438,415.9296823
2018,2018-05,68.60259067,119632241,309928.0855,293675,3 ROOM,386,419.7113973
2018,2018-06,68.53699789,147593064,312036.0761,293000,3 ROOM,473,422.9704978
2018,2018-07,68.23127148,181083852,311140.6392,293000,3 ROOM,582,423.6464981
2018,2018-08,68.52235772,149887772,304649.9431,290000,3 ROOM,492,413.0466928
2018,2018-09,68.31693878,146846621,299686.9816,285000,3 ROOM,490,407.53961
2018,2018-10,68.38003953,154622443,305577.9506,290000,3 ROOM,506,415.167178
2018,2018-11,68.40707965,137232623,303611.9978,288000,3 ROOM,452,412.3331243
2018,2018-12,68.16060606,109338839,301208.9229,285000,3 ROOM,363,410.5487511
2019,2019-01,67.87022901,117111427,297993.4529,285000,3 ROOM,393,407.9038022
2019,2019-02,68.49787879,98600618,298789.7515,283000,3 ROOM,330,405.246171
2019,2019-03,68.13866995,123397192,303933.9704,280000,3 ROOM,406,414.3963649
2019,2019-04,68.05792952,133876416,294881.9736,280000,3 ROOM,454,402.5314683
2019,2019-05,68.0659919,148343280,300290.0405,280000,3 ROOM,494,409.8652478
2019,2019-06,67.75730089,134118699,296722.7854,280000,3 ROOM,452,406.8414048
2019,2019-07,68.63220676,150167176,298543.0934,282000,3 ROOM,503,404.1191316
2019,2019-08,67.91818182,132136204,300309.5545,288000,3 ROOM,440,410.7839287
2019,2019-09,68.03846154,139827244,298776.1624,280000,3 ROOM,468,407.9639663
2019,2019-10,67.90374332,168029712,299518.2032,285000,3 ROOM,561,409.7885799
2019,2019-11,67.90690423,135898443,302669.1381,285888,3 ROOM,449,414.0802849
2019,2019-12,68.18682008,143745100,300721.9665,285000,3 ROOM,478,409.7274501
2020,2020-01,67.5745614,138889796,304582.886,290000,3 ROOM,456,418.7478666
