data/Overview1.csv
Year,Year-Month,Area (SQM),Total Resale Price,Average Resale Price,Median Resale Price,Flat_Type,Sales,Unit Area (PSF)
2012,2012-01,95.99644128,248248842,441723.9181,428000,4 ROOM,562,427.4901653
2012,2012-02,96.88151659,281657752,444956.9542,430000,4 ROOM,633,426.6850393
2012,2012-03,96.66232356,415073818.9,450677.3278,432000,4 ROOM,921,433.1505057
2012,2012-04,95.90352941,379913988,446957.6329,432000,4 ROOM,850,432.974295
2012,2012-05,95.56612022,414728878,453255.6044,435000,4 ROOM,915,440.6254455
2012,2012-06,96.187214,334914292,450759.4778,435000,4 ROOM,743,435.3693654
2012,2012-07,96.28937729,370413198,452274.967,438000,4 ROOM,819,436.3696308
2012,2012-08,96.09823678,367406633,462728.7569,445000,4 ROOM,794,447.3437938
2012,2012-09,96.6503937,294099036.9,463148.0896,450000,4 ROOM,635,445.1912246
2012,2012-10,95.87565445,359796908,470938.3613,452000,4 ROOM,764,456.3374092
2012,2012-11,96.55505279,312415918,471215.5626,455000,4 ROOM,663,453.3931613
2012,2012-12,96.94018182,259087308,471067.8327,452000,4 ROOM,550,451.4503195
2013,2013-01,95.64798599,270424706,473598.4343,450000,4 ROOM,571,460.0073531
2013,2013-02,96.34202899,165543292,479835.629,455000,4 ROOM,345,462.7080439
2013,2013-03,95.82772277,242658081,480511.0515,460000,4 ROOM,505,465.8462014
2013,2013-04,95.9260355,328206464,485512.5207,463000,4 ROOM,676,470.2126232
2013,2013-05,95.82003367,291497578,490736.6633,465000,4 ROOM,594,475.7979123
2013,2013-06,96.38067061,245368620,483961.7751,461000,4 ROOM,507,466.4998011
2013,2013-07,96.40615114,273274048,480270.7346,460000,4 ROOM,569,462.8195807
2013,2013-08,95.97475728,248278820,482094.7961,460000,4 ROOM,515,466.6655769
2013,2013-09,95.51634409,220349654,473870.2237,450000,4 ROOM,465,460.9056949
2013,2013-10,95.79101563,242977114,474564.6758,450000,4 ROOM,512,460.257608
2013,2013-11,96.62925852,235355775,471654.8597,446800,4 ROOM,499,453.4673387
2013,2013-12,95.85995086,190707222,468568.113,445000,4 ROOM,407,454.1150281
2014,2014-01,95.65291262,189956255,461058.8714,445000,4 ROOM,412,447.8045785
2014,2014-02,95.66075949,181769850.9,460176.8377,439000,4 ROOM,395,446.9112388
2014,2014-03,95.89703316,263259737,459441.0768,440000,4 ROOM,573,445.0973365
2014,2014-04,95.71301248,255760620,455901.2834,433000,4 ROOM,561,442.5172196
2014,2014-05,95.39632107,269904448.9,451345.2322,427500,4 ROOM,598,439.5492853
2014,2014-06,95.66409186,213948744,446657.0856,425000,4 ROOM,479,433.7661127
2014,2014-07,96.06576402,225905462,436954.472,416000,4 ROOM,517,422.5692523
2014,2014-08,96.25693161,239079923,441922.2237,420000,4 ROOM,541,426.5246883
2014,2014-09,95.91929825,247015707,433360.8895,408500,4 ROOM,570,419.7339195
2014,2014-10,96.50340909,268657582,436132.4383,415000,4 ROOM,616,419.8615257
2014,2014-11,96.31501832,234517570,429519.359,410000,4 ROOM,546,414.3039528
2014,2014-12,95.75717017,227019107,434070.9503,412000,4 ROOM,523,421.1334755
2015,2015-01,96.02,219603579,439207.158,410000,4 ROOM,500,424.9502151
2015,2015-02,96.38947368,208641625,439245.5263,405000,4 ROOM,475,423.3583049
2015,2015-03,96.23709369,226855788,433758.6769,405000,4 ROOM,523,418.7318752
2015,2015-04,95.45759878,286568767,435514.8435,408444,4 ROOM,658,423.8603589
2015,2015-05,96.26212121,286352706,433867.7364,400000,4 ROOM,660,418.7282616
2015,2015-06,96.78157504,292994467,435355.8202,405000,4 ROOM,673,417.9092798
2015,2015-07,95.83359498,270287434,424313.0832,398000,4 ROOM,637,411.3381482
2015,2015-08,95.45359019,247308018,433113.8669,400000,4 ROOM,571,421.541335
2015,2015-09,96.38271812,258830312.9,434279.0485,400000,4 ROOM,596,418.6007994
2015,2015-10,96.41340782,307878756,429998.2626,400000,4 ROOM,716,414.3426246
2015,2015-11,95.6779661,257079524,435728.0068,402000,4 ROOM,590,423.0910968
2015,2015-12,96.3012939,233698493.9,431975.0349,402000,4 ROOM,541,416.7320205
2016,2016-01,96.48237477,230358724,427381.6772,400000,4 ROOM,539,411.5269299
2016,2016-02,95.43522267,212827304,430824.502,400000,4 ROOM,494,419.3938418
2016,2016-03,95.8429003,287231400,433884.29,405000,4 ROOM,662,420.5758427
2016,2016-04,96.41161616,344202084.9,434598.592,402352.5,4 ROOM,792,418.7832448
2016,2016-05,96.285,348673702,435842.1275,406044,4 ROOM,800,420.5338089
2016,2016-06,95.92162162,320817002,433536.4892,402100,4 ROOM,740,419.8938268
2016,2016-07,95.53978159,282093277,440083.1154,412000,4 ROOM,641,427.9379559
2016,2016-08,96.18950064,337967306,432736.6274,405000,4 ROOM,781,417.9519266
2016,2016-09,95.8431085,293867923,430891.3827,405000,4 ROOM,682,417.6738289
2016,2016-10,96.0650289,300523567,434282.6113,410000,4 ROOM,692,419.9885672
2016,2016-11,95.84384384,291636177,437892.1577,405000,4 ROOM,666,424.4565992
2016,2016-12,96.1426025,247354521,440917.1497,410000,4 ROOM,561,426.0606867
2017,2017-01,96.524,215024244,430048.488,410000,4 ROOM,500,413.9162338
2017,2017-02,94.95348837,187754452,436638.2605,408000,4 ROOM,430,427.2098027
2017,2017-03,95.65157233,353879345,445131.2516,418000,4 ROOM,795,432.3408961
2017,2017-04,95.73134328,348958372.9,434027.827,400000,4 ROOM,804,421.2052418
2017,2017-05,95.71757576,361318413,437961.7127,408000,4 ROOM,825,425.0840409
2017,2017-06,95.64993216,324282751,440003.7327,408000,4 ROOM,737,427.368039
2017,2017-07,95.37172775,329411279,431166.5955,400004,4 ROOM,764,420.0062973
2017,2017-08,96.03035265,350498212,441433.5164,414000,4 ROOM,794,427.0582601
2017,2017-09,95.95989305,330593075,441969.3516,410000,4 ROOM,748,427.8905987
2017,2017-10,95.47767253,321545020,435108.2815,400000,4 ROOM,739,423.3756451
2017,2017-11,95.65090909,359998678,436362.0339,407000,4 ROOM,825,423.826591
2017,2017-12,95.9377916,277716598,431907.6174,405000,4 ROOM,643,418.2457071
2018,2018-01,95.97189696,185848435,435242.2365,410000,4 ROOM,427,421.3250683
2018,2018-02,95.85425101,211982936,429115.2551,400000,4 ROOM,494,415.9038318
2018,2018-03,95.15989515,341263330,447265.1769,410000,4 ROOM,763,436.6580561
2018,2018-04,95.47275204,320416813,436535.1676,405000,4 ROOM,734,424.7859469
2018,2018-05,95.61438849,300666334,432613.4302,400000,4 ROOM,695,420.3461669
2018,2018-06,95.92426187,339504497,435820.9204,405000,4 ROOM,779,422.0947526
2018,2018-07,95.70138889,436510458,433046.0893,405000,4 ROOM,1008,420.3840462
2018,2018-08,95.60595238,361157888.9,429949.8677,400000,4 ROOM,840,417.7949952
2018,2018-09,95.98120301,342508116.9,429208.1665,400000,4 ROOM,798,415.4436577
2018,2018-10,95.49880952,355973503,423777.9798,396000,4 ROOM,840,412.2595968
2018,2018-11,94.87531486,337563662,425143.1511,395000,4 ROOM,794,416.3056476
2018,2018-12,95.65437159,310307980,423918.0055,400000,4 ROOM,732,411.72514
2019,2019-01,95.28630769,277752752,427311.9262,395000,4 ROOM,650,416.6245534
2019,2019-02,95.8121547,229572324,422785.1271,393888,4 ROOM,543,409.9486303
2019,2019-03,95.47503566,302226859,431136.7461,400000,4 ROOM,701,419.5227878
2019,2019-04,95.59541063,353159564,426521.2126,398500,4 ROOM,828,414.5089744
2019,2019-05,95.52601156,370768005,428633.5318,395000,4 ROOM,865,416.8644334
2019,2019-06,95.48798989,339072414,428662.976,400000,4 ROOM,791,417.0590688
2019,2019-07,95.35259434,364854680,430253.1604,400000,4 ROOM,848,419.2006052
2019,2019-08,94.85572139,344779934.9,428830.7648,400000,4 ROOM,804,420.0033447
2019,2019-09,95.7232267,310723516,432160.662,397000,4 ROOM,719,419.4288002
2019,2019-10,94.76222222,386986843,429985.3811,400000,4 ROOM,900,421.5497145
2019,2019-11,95.36977887,353912235,434781.6155,405000,4 ROOM,814,423.536401
2019,2019-12,94.94778068,332295540,433806.188,405000,4 ROOM,766,424.4643987
2020,2020-01,94.6311971,351456180,424977.243,395000,4 ROOM,827,417.2167026
2012,2012-01,118.4678218,212869944,526905.802,510000,5 ROOM,404,413.2024835
2012,2012-02,118.8229167,200063360,520998.3333,505000,5 ROOM,384,407.348828
2012,2012-03,118.709282,305414390,534876.3398,510000,5 ROOM,571,418.599837
2012,2012-04,118.8235294,262702189,532864.4807,509000,5 ROOM,493,416.6243699
2012,2012-05,118.0519481,293427118,544391.6846,518888,5 ROOM,539,428.418948
2012,2012-06,118.7359667,259295432.9,539075.744,518000,5 ROOM,481,421.7915199
2012,2012-07,118.4737828,288051154.8,539421.6381,518000,5 ROOM,534,422.9961883
2012,2012-08,118.6698473,287322103,548324.624,522000,5 ROOM,524,429.2672058
2012,2012-09,118.2157773,238427432,553195.8979,527000,5 ROOM,431,434.744258
2012,2012-10,118.7700422,262690724.9,554199.8415,532500,5 ROOM,474,433.500729
2012,2012-11,118.6408978,223128828,556430.9925,535000,5 ROOM,401,435.7197371
2012,2012-12,118.9150142,196805129,557521.6119,526500,5 ROOM,353,435.5673932
2013,2013-01,117.8537736,237426250,559967.5708,526500,5 ROOM,424,441.4176855
2013,2013-02,119.6813725,116952904,573298.549,550000,5 ROOM,204,445.0252236
2013,2013-03,119.3594306,160570896,571426.6762,540000,5 ROOM,281,444.768599
2013,2013-04,118.1698113,213974980,576751.9677,548888,5 ROOM,371,453.4327539
2013,2013-05,118.5655977,196275428,572231.5685,540000,5 ROOM,343,448.3771414
2013,2013-06,119.6020067,171119692,572306.6622,533000,5 ROOM,299,444.5500678
2013,2013-07,118.6512968,196066130,565032.0749,538000,5 ROOM,347,442.4161359
2013,2013-08,118.5551948,177260592,575521.4026,540000,5 ROOM,308,450.9944901
2013,2013-09,119.3115385,149102130,573469.7308,540000,5 ROOM,260,446.537976
2013,2013-10,120.3535032,176790141,563025.9268,530500,5 ROOM,314,434.6102891
2013,2013-11,118.9422222,124914929,555177.4622,522000,5 ROOM,225,433.6367938
2013,2013-12,119.64,113575854,567879.27,530944,5 ROOM,200,440.970926
2014,2014-01,120.0758929,124201517,554471.058,515000,5 ROOM,224,428.9961582
2014,2014-02,119.1712707,99050440,547240,520000,5 ROOM,181,426.6154796
2014,2014-03,118.7162162,161901016,546962.8919,517750,5 ROOM,296,428.0338965
2014,2014-04,118.9971591,193810969,550599.3438,515000,5 ROOM,352,429.8623828
2014,2014-05,118.4982935,157316552,536916.5597,508000,5 ROOM,293,420.9447024
2014,2014-06,118.4566038,144554545,545488.8491,500000,5 ROOM,265,427.8159241
2014,2014-07,117.7536232,148798901,539126.4529,505000,5 ROOM,276,425.3502655
2014,2014-08,118.8398693,165402300,540530.3922,500000,5 ROOM,306,422.5599165
2014,2014-09,118.1432927,170948144,521183.3659,485000,5 ROOM,328,409.8376204
2014,2014-10,118.2106667,194495656,518655.0827,485000,5 ROOM,375,407.6170271
2014,2014-11,118.4548611,151761592,526949.9722,488500,5 ROOM,288,413.2823361
2014,2014-12,118.6056338,146830204,517007.7606,485000,5 ROOM,284,404.9692886
2015,2015-01,118.3972603,154688975.9,529756.7667,489000,5 ROOM,292,415.6858157
2015,2015-02,117.369403,139429946,520260.9925,471500,5 ROOM,268,411.8098358
2015,2015-03,118.9411765,157632744,515139.6863,485000,5 ROOM,306,402.3677133
2015,2015-04,118.5564103,198473784,508907.1385,470000,5 ROOM,390,398.7896217
2015,2015-05,118.6212534,186662247,508616.4768,475000,5 ROOM,367,398.3439836
2015,2015-06,118.32021,197036726,517156.7612,480000,5 ROOM,381,406.0631888
2015,2015-07,118.5418848,193714308,507105.5183,460000,5 ROOM,382,397.4265292
2015,2015-08,118.8040346,180952724,521477.5908,475000,5 ROOM,347,407.7883426
2015,2015-09,118.1675978,181641212,507377.6872,470000,5 ROOM,358,398.8993267
2015,2015-10,118.2715405,195415239,510222.5561,461000,5 ROOM,383,400.7834195
2015,2015-11,119.2335329,171729986,514161.6347,475000,5 ROOM,334,400.6190538
2015,2015-12,118.622807,179947957,526163.617,476500,5 ROOM,342,412.0813534
2016,2016-01,118.7112676,146703744,516562.4789,479000,5 ROOM,284,404.2604552
2016,2016-02,119.0862069,150692744,519630.1517,476500,5 ROOM,290,405.3808476
2016,2016-03,118.6520619,203576952,524682.866,478444,5 ROOM,388,410.8203405
2016,2016-04,117.9214781,226373515,522802.5751,470000,5 ROOM,433,411.884216
2016,2016-05,118.4618938,225161379,520003.1848,470000,5 ROOM,433,407.8098188
2016,2016-06,118.4416476,228117250,522007.4371,475000,5 ROOM,437,409.4516221
2016,2016-07,117.8788732,187674327,528660.0761,480000,5 ROOM,355,416.649518
2016,2016-08,118.2124711,224204474,517793.2425,465000,5 ROOM,433,406.9334852
2016,2016-09,118.0024272,222675872,540475.4175,485444,5 ROOM,412,425.5154671
2016,2016-10,117.8014888,209864668,520756,470000,5 ROOM,403,410.6897357
2016,2016-11,118.1657609,193531147.9,525899.8584,475000,5 ROOM,368,413.467848
2016,2016-12,118.6991404,178042398.9,510150.1401,465000,5 ROOM,349,399.2829651
2017,2017-01,118.7773438,132274107,516695.7305,476944,5 ROOM,256,404.1397884
2017,2017-02,118.8175182,146487620,534626.3504,483500,5 ROOM,274,418.0230492
2017,2017-03,118.1942605,240097259,530016.0243,477000,5 ROOM,453,416.6035419
2017,2017-04,118.9014085,225931682.8,530356.0628,486444,5 ROOM,426,414.3915437
2017,2017-05,118.4405738,262860548,538648.6639,480000,5 ROOM,488,422.50848
2017,2017-06,117.7584541,220354058,532256.1787,468000,5 ROOM,414,419.9126533
2017,2017-07,117.0095694,220990876,528686.3062,468000,5 ROOM,418,419.7657751
2017,2017-08,117.5874263,267984712,526492.558,475000,5 ROOM,509,415.9697005
2017,2017-09,117.6744186,230831172,536816.6791,474500,5 ROOM,430,423.813011
2017,2017-10,118.6889952,223302408,534216.2871,480000,5 ROOM,418,418.1547331
2017,2017-11,118.4215886,264005156.9,537688.7105,485000,5 ROOM,491,421.8231213
2017,2017-12,118.6352941,227328570,534890.7529,475000,5 ROOM,425,418.872187
2018,2018-01,117.5984848,140058928,530526.2424,485000,5 ROOM,264,419.1172062
2018,2018-02,117.8741259,153533344,536829.8741,490000,5 ROOM,286,423.1053691
2018,2018-03,117.4647887,269832656,542922.8491,485000,5 ROOM,497,429.3987375
2018,2018-04,118.2896996,251734159,540202.0579,480000,5 ROOM,466,424.2673888
2018,2018-05,118.1255411,245452734,531282.974,480000,5 ROOM,462,417.8423284
2018,2018-06,118.4775281,282449353,528931.3727,475000,5 ROOM,534,414.7569655
2018,2018-07,117.9511111,351624823,520925.6637,471000,5 ROOM,675,410.3024054
2018,2018-08,118.76,279526772,532431.9467,480000,5 ROOM,525,416.5088776
2018,2018-09,118.1042084,255645708,512316.0481,460000,5 ROOM,499,402.9980388
2018,2018-10,118.0454545,253574440,523914.1322,470000,5 ROOM,484,412.3264456
2018,2018-11,118.1083521,226825460,512021.3544,465000,5 ROOM,443,402.7520962
2018,2018-12,117.7950311,246963742,511312.0952,465000,5 ROOM,483,403.2639881
2019,2019-01,118.5464481,190441488,520331.9344,470000,5 ROOM,366,407.7765811
2019,2019-02,118.1666667,167271932,536127.9872,475000,5 ROOM,312,421.5060765
2019,2019-03,118.840399,213203144,531678.6633,488000,5 ROOM,401,415.6382202
2019,2019-04,118.3448276,245775676,529688.9569,499000,5 ROOM,464,415.8167533
2019,2019-05,118.0533597,266656419,526988.9704,475000,5 ROOM,506,414.7186061
2019,2019-06,118.1588983,246910052,523114.5169,476500,5 ROOM,472,411.3018708
2019,2019-07,118.4568345,290809500,523038.6691,484000,5 ROOM,556,410.2079007
2019,2019-08,118.1924779,238562223,527792.5288,480000,5 ROOM,452,414.8620855
2019,2019-09,118.5795207,244017254,531628.0044,480000,5 ROOM,459,416.5129464
2019,2019-10,117.7401869,281525515,526215.9159,488000,5 ROOM,535,415.2117206
2019,2019-11,118.4312896,248417288.9,525195.1139,490000,5 ROOM,473,411.9879978
2019,2019-12,117.9561201,226377202,522811.0901,485000,5 ROOM,433,411.769958
2020,2020-01,118.6801706,244675467,521696.0917,493000,5 ROOM,469,408.3849858
