data/Overview1.csv
Year,Year-Month,Area (SQM),Total Resale Price,Average Resale Price,Median Resale Price,Flat_Type,Sales,Unit Area (PSF)
2012,2012-01,144.8888889,77547852,615459.1429,610000,EXECUTIVE,126,394.6339926
2012,2012-02,145,82929752,614294.4593,600000,EXECUTIVE,135,393.5853652
2012,2012-03,144.547486,111294628,621757.6983,603000,EXECUTIVE,179,399.6142569
2012,2012-04,143.8860104,118965897,616403.6114,605000,EXECUTIVE,193,397.994389
2012,2012-05,143.0285714,130356436,620744.9333,610000,EXECUTIVE,210,403.20019
2012,2012-06,144.0353535,124030064,626414.4646,608500,EXECUTIVE,198,404.0387513
2012,2012-07,142.758794,124302128,624633.809,605000,EXECUTIVE,199,406.4928982
2012,2012-08,143.1722222,113485228,630473.4889,616500,EXECUTIVE,180,409.1084118
2012,2012-09,142.1156069,109822076,634809.6879,618000,EXECUTIVE,173,414.9847309
2012,2012-10,141.5460123,106413376,652842.7975,630000,EXECUTIVE,163,428.4906248
2012,2012-11,143.0828402,110215340,652161.7751,624000,EXECUTIVE,169,423.4460961
2012,2012-12,141.5763889,92562463,642794.8819,636000,EXECUTIVE,144,421.8051957
2013,2013-01,141.1523179,97165128,643477.6689,622000,EXECUTIVE,151,423.5218405
2013,2013-02,145.9454545,37153888,675525.2364,653000,EXECUTIVE,55,430.0127673
2013,2013-03,142.9126214,68566376,665692.9709,648000,EXECUTIVE,103,432.7466669
2013,2013-04,144.4935897,101732558,652131.7821,633444,EXECUTIVE,156,419.2925359
2013,2013-05,144.4285714,98196052,668000.3537,643000,EXECUTIVE,147,429.6886899
2013,2013-06,144.5698925,61619876,662579.3118,665000,EXECUTIVE,93,425.7850015
2013,2013-07,145.7886179,82794254,673124.0163,655000,EXECUTIVE,123,428.9452005
2013,2013-08,144.5794393,70439952,658317.3084,640000,EXECUTIVE,107,423.0182296
2013,2013-09,145.0309278,64449716,664430.0619,650000,EXECUTIVE,97,425.6170272
2013,2013-10,144.1926606,73023940,669944.4037,655000,EXECUTIVE,109,431.6442441
2013,2013-11,146.6138614,66704546,660441.0495,640000,EXECUTIVE,101,418.4941317
2013,2013-12,145.95,52392164,654902.05,642500,EXECUTIVE,80,416.8718755
2014,2014-01,145.0714286,46143476,659192.5143,642500,EXECUTIVE,70,422.144101
2014,2014-02,144.8970588,43487163,639517.1029,629000,EXECUTIVE,68,410.0368977
2014,2014-03,144.4358974,50183776,643381.7436,622000,EXECUTIVE,78,413.8318712
2014,2014-04,142.0792079,65181240,645358.8119,623000,EXECUTIVE,101,421.9889343
2014,2014-05,145.0111111,57564830,639609.2222,627500,EXECUTIVE,90,409.7734181
2014,2014-06,143.5194805,50324889,653569.987,638000,EXECUTIVE,77,423.0693784
2014,2014-07,144.0392157,65420128,641373.8039,637500,EXECUTIVE,102,413.6764668
2014,2014-08,144.5952381,52151914,620856.119,610000,EXECUTIVE,84,398.9030167
2014,2014-09,143.2871287,64036540,634025.1485,620000,EXECUTIVE,101,411.0831256
2014,2014-10,144.814433,62674887,646132.8557,622500,EXECUTIVE,97,414.5150686
2014,2014-11,142.7263158,58673296.88,617613.6514,590500,EXECUTIVE,95,402.0158509
2014,2014-12,145.039604,64186276,635507.6832,593000,EXECUTIVE,101,407.065734
2015,2015-01,143.7553191,57152776,608008.2553,592500,EXECUTIVE,94,392.9306426
2015,2015-02,146.1216216,45987888,621457.9459,600000,EXECUTIVE,74,395.1187213
2015,2015-03,143.4782609,58543551,636342.9457,614500,EXECUTIVE,92,412.0362973
2015,2015-04,143.4705882,62760240,615296.4706,591000,EXECUTIVE,102,398.4298708
2015,2015-05,143.2230769,82899558,637688.9077,610000,EXECUTIVE,130,413.6435043
2015,2015-06,144.5689655,73645144,634871.931,617500,EXECUTIVE,116,407.9823721
2015,2015-07,144.1481481,67001304,620382.4444,617500,EXECUTIVE,108,399.8349723
2015,2015-08,142.8181818,67256751,611425.0091,593750,EXECUTIVE,110,397.7315516
2015,2015-09,142.5373134,82292928,614126.3284,581000,EXECUTIVE,134,400.2759466
2015,2015-10,143.6791045,82572940,616215.9701,600000,EXECUTIVE,134,398.4461939
2015,2015-11,144.238806,82508616,615735.9403,600000,EXECUTIVE,134,396.5908873
2015,2015-12,143.8699187,75913224,617180.6829,602500,EXECUTIVE,123,398.5406934
2016,2016-01,144,59067440,635133.7634,620000,EXECUTIVE,93,409.7632954
2016,2016-02,144.1340206,61136704,630275.299,613888,EXECUTIVE,97,406.2507084
2016,2016-03,143.5136986,88561340,606584.5205,590000,EXECUTIVE,146,392.6705328
2016,2016-04,143.3387097,74882736,603893.0323,595000,EXECUTIVE,124,391.4054546
2016,2016-05,144.1013514,91854023,620635.2905,593444,EXECUTIVE,148,400.12783
2016,2016-06,144.7703704,83823664,620916.0296,600000,EXECUTIVE,135,398.4589002
2016,2016-07,143.5846154,81881328,629856.3692,626000,EXECUTIVE,130,407.5341076
2016,2016-08,142.807947,95936528,635341.245,615000,EXECUTIVE,151,413.3186665
2016,2016-09,143.9538462,81847863,629598.9462,601500,EXECUTIVE,130,406.3226808
2016,2016-10,144.9652174,72180053,627652.6348,595000,EXECUTIVE,115,402.2405879
2016,2016-11,146.4885496,81541064,622450.8702,600000,EXECUTIVE,131,394.7587317
2016,2016-12,145.3932584,56494064.88,634764.7739,600000,EXECUTIVE,89,405.6008847
2017,2017-01,143.3164557,49195352,622725.9747,600000,EXECUTIVE,79,403.6744548
2017,2017-02,143.3942308,64244215,617732.8365,587000,EXECUTIVE,104,400.2205225
2017,2017-03,144.0206897,90980128,627449.1586,600000,EXECUTIVE,145,404.7473376
2017,2017-04,144.3307087,79264956,624133.5118,592000,EXECUTIVE,127,401.7437264
2017,2017-05,143.2013889,88570463,615072.6597,587500,EXECUTIVE,144,399.0336662
2017,2017-06,144.8051948,98064992,636785.6623,610000,EXECUTIVE,154,408.544605
2017,2017-07,143.2589928,88307132,635303.1079,605000,EXECUTIVE,139,411.9926157
2017,2017-08,145.5921053,97142015,639092.2039,620000,EXECUTIVE,152,407.8082801
2017,2017-09,145,81074992,643452.3175,611500,EXECUTIVE,126,412.2671327
2017,2017-10,142.8553459,96896664,609412.9811,590000,EXECUTIVE,159,396.3195986
2017,2017-11,143.7777778,95135106,621798.0784,605000,EXECUTIVE,153,401.7796669
2017,2017-12,143.8802817,89715080,631796.338,603500,EXECUTIVE,142,407.9492796
2018,2018-01,145.6952381,67686552,644633.8286,628000,EXECUTIVE,105,411.0532444
2018,2018-02,142.8053097,70763740,626227.7876,605000,EXECUTIVE,113,407.3974673
2018,2018-03,143.8900524,118166940,618675.0785,585000,EXECUTIVE,191,399.44979
2018,2018-04,144.6348315,112123284,629906.0899,610000,EXECUTIVE,178,404.6068759
2018,2018-05,144.2965116,108537984,631034.7907,628000,EXECUTIVE,172,406.2822204
2018,2018-06,144.1428571,96109148,624085.3766,590000,EXECUTIVE,154,402.2362673
2018,2018-07,143.1198347,151949208,627889.2893,615000,EXECUTIVE,242,407.5806846
2018,2018-08,145.005814,112380196,653373.2326,630000,EXECUTIVE,172,418.6067899
2018,2018-09,143,108788494.8,628835.2298,618000,EXECUTIVE,173,408.5367905
2018,2018-10,144.6567164,84050016,627238.9254,606500,EXECUTIVE,134,402.8327257
2018,2018-11,146.1172414,93044204,641684.1655,620000,EXECUTIVE,145,407.9906439
2018,2018-12,144.6834532,85388764,614307.6547,596000,EXECUTIVE,139,394.4549468
2019,2019-01,145.3688525,76537664,627357.9016,600000,EXECUTIVE,122,400.9353562
2019,2019-02,145.5384615,56799140,624166.3736,600000,EXECUTIVE,91,398.4308277
2019,2019-03,144.1441441,69548984,626567.4234,600888,EXECUTIVE,111,403.8323935
2019,2019-04,144.106383,86311748,612140.0567,585000,EXECUTIVE,141,394.6371149
2019,2019-05,145.0714286,102006552,607181.8571,593500,EXECUTIVE,168,388.8366959
2019,2019-06,144.2058824,84594352,622017.2941,585000,EXECUTIVE,136,400.7281294
2019,2019-07,144.6708861,99067052.88,627006.6638,597500,EXECUTIVE,158,402.6441195
2019,2019-08,144.15,96005828,600036.425,571900,EXECUTIVE,160,386.7170443
2019,2019-09,144.7112676,87277103,614627.4859,605500,EXECUTIVE,142,394.5844585
2019,2019-10,145.1916168,101843125,609839.0719,602888,EXECUTIVE,167,390.2150811
2019,2019-11,144.7538462,81074827,623652.5154,612000,EXECUTIVE,130,400.2606645
2019,2019-12,144.3566434,89643316,626876.3357,590000,EXECUTIVE,143,403.4367404
2020,2020-01,145.518797,83525184,628008.9023,590000,EXECUTIVE,133,400.9378433
2012,2012-01,166,745000,745000,745000,MULTI-GENERATION,1,416.9447698
2012,2012-03,165.5,1660000,830000,830000,MULTI-GENERATION,2,465.9190201
2012,2012-04,164,720000,720000,720000,MULTI-GENERATION,1,407.8673996
2012,2012-05,156,2178000,726000,708000,MULTI-GENERATION,3,432.3568738
2012,2012-06,132,610000,610000,610000,MULTI-GENERATION,1,429.32507
2012,2012-09,165,1885000,942500,942500,MULTI-GENERATION,2,530.673939
2012,2012-11,166,970000,970000,970000,MULTI-GENERATION,1,542.8676868
2012,2012-12,134,810000,810000,810000,MULTI-GENERATION,1,561.5786211
2013,2013-01,158.5,1500000,750000,750000,MULTI-GENERATION,2,439.6047156
2013,2013-03,159,726000,726000,726000,MULTI-GENERATION,1,424.1991969
2013,2013-04,166,920000,920000,920000,MULTI-GENERATION,1,514.8848163
2013,2013-06,164,767000,767000,767000,MULTI-GENERATION,1,434.4920771
2013,2013-08,147,753888,753888,753888,MULTI-GENERATION,1,476.4527537
2013,2013-10,164,703000,703000,703000,MULTI-GENERATION,1,398.2371971
2014,2014-03,164,730000,730000,730000,MULTI-GENERATION,1,413.5322246
2014,2014-05,147,690000,690000,690000,MULTI-GENERATION,1,436.0759159
2014,2014-09,147,686000,686000,686000,MULTI-GENERATION,1,433.5479396
2015,2015-06,147,805000,805000,805000,MULTI-GENERATION,1,508.7552352
2016,2016-03,163,688000,688000,688000,MULTI-GENERATION,1,392.1310023
2016,2016-05,166,818000,818000,818000,MULTI-GENERATION,1,457.7997606
2016,2016-09,164,650000,650000,650000,MULTI-GENERATION,1,368.2136246
2016,2016-12,164,735000,735000,735000,MULTI-GENERATION,1,416.3646371
2017,2017-09,151,700000,700000,700000,MULTI-GENERATION,1,430.6767612
2017,2017-11,174,1605000,802500,802500,MULTI-GENERATION,2,428.4756422
2017,2017-12,150,830000,830000,830000,MULTI-GENERATION,1,514.0639855
2018,2018-04,164,728888,728888,728888,MULTI-GENERATION,1,412.902296
2018,2018-05,166,850000,850000,850000,MULTI-GENERATION,1,475.7087977
2018,2018-06,164,765000,765000,765000,MULTI-GENERATION,1,433.3591121
2018,2018-07,164,770000,770000,770000,MULTI-GENERATION,1,436.1915246
2018,2018-08,168.5,1606000,803000,803000,MULTI-GENERATION,2,442.737171
2018,2018-09,179,1605000,802500,802500,MULTI-GENERATION,2,416.5070489
2018,2018-10,159.3333333,4946000,824333.3333,825000,MULTI-GENERATION,6,480.6473646
2018,2018-11,164,750000,750000,750000,MULTI-GENERATION,1,424.8618746
2019,2019-02,179,840000,840000,840000,MULTI-GENERATION,1,435.9699951
2019,2019-04,164,740000,740000,740000,MULTI-GENERATION,1,419.1970496
2019,2019-05,162.5,1568000,784000,784000,MULTI-GENERATION,2,448.2218698
2019,2019-06,161.3333333,2478888,826296,840000,MULTI-GENERATION,3,475.8191196
2019,2019-07,162.6666667,2419000,806333.3333,766000,MULTI-GENERATION,3,460.5177689
2019,2019-08,171.5,1528888,764444,764444,MULTI-GENERATION,2,414.1063571
2019,2019-10,165,905000,905000,905000,MULTI-GENERATION,1,509.5595913
2019,2019-11,169,988888,988888,988888,MULTI-GENERATION,1,543.6141439
